// Jest Snapshot v1, https://goo.gl/fbAQLP

exports[`InView component Should match snapshot 1`] = `
<div>
  <div />
</div>
`;
