// Jest Snapshot v1, https://goo.gl/fbAQLP

exports[`CustomImage Component Match snapshot 1`] = `
<div>
  <img
    alt="UnavailableImage"
    src="/images/image-not-available.webp"
  />
</div>
`;
