// Jest Snapshot v1, https://goo.gl/fbAQLP

exports[`Navbar component Should match snapshot 1`] = `
<div>
  <nav
    class="flex z-40 w-full h-auto items-center justify-center data-[menu-open=true]:border-none sticky top-0 inset-x-0 border-b border-divider bg-background min-h-[65px] px-[10px] md:min-h-[80px] md:px-[20px] lg:min-h-[90px] lg:px-[40px] xl:px-[80px]"
    style="--navbar-height: 4rem;"
  >
    <header
      class="z-40 flex px-6 gap-4 w-full flex-row relative flex-nowrap items-center justify-between h-[var(--navbar-height)] max-w-[1024px]"
    >
      <ul
        class="flex gap-4 h-full flex-row flex-nowrap items-center data-[justify=start]:justify-start data-[justify=start]:flex-grow data-[justify=start]:basis-0 data-[justify=center]:justify-center data-[justify=end]:justify-end data-[justify=end]:flex-grow data-[justify=end]:basis-0 sm:hidden"
        data-justify="start"
      >
        <button
          aria-label="Open menu"
          aria-pressed="false"
          class="group flex items-center justify-center w-6 h-full rounded-small tap-highlight-transparent outline-none data-[focus-visible=true]:z-10 data-[focus-visible=true]:outline-2 data-[focus-visible=true]:outline-focus data-[focus-visible=true]:outline-offset-2"
          type="button"
        >
          <span
            class="sr-only"
          >
            open navigation menu
          </span>
          <span
            class="w-full h-full pointer-events-none flex flex-col items-center justify-center text-inherit group-data-[pressed=true]:opacity-70 transition-opacity before:content-[''] before:block before:h-px before:w-6 before:bg-current before:transition-transform before:duration-150 before:-translate-y-1 before:rotate-0 group-data-[open=true]:before:translate-y-px group-data-[open=true]:before:rotate-45 after:content-[''] after:block after:h-px after:w-6 after:bg-current after:transition-transform after:duration-150 after:translate-y-1 after:rotate-0 group-data-[open=true]:after:translate-y-0 group-data-[open=true]:after:-rotate-45"
          />
        </button>
      </ul>
      <ul
        class="flex gap-4 h-full flex-row flex-nowrap items-center data-[justify=start]:justify-start data-[justify=start]:flex-grow data-[justify=start]:basis-0 data-[justify=center]:justify-center data-[justify=end]:justify-end data-[justify=end]:flex-grow data-[justify=end]:basis-0 pr-3 sm:hidden"
        data-justify="center"
      >
        <div
          class="flex basis-0 flex-row flex-grow flex-nowrap justify-start bg-transparent items-center no-underline text-medium whitespace-nowrap box-border"
        >
          <a
            href="/"
          >
            <p
              class="  no-underline text-ellipsis whitespace-nowrap overflow-hidden overflow-visible text-2xl font-extrabold italic leading-10 text-primary-100"
            >
              FashionHub
            </p>
          </a>
        </div>
      </ul>
      <ul
        class="h-full flex-row flex-nowrap items-center data-[justify=start]:justify-start data-[justify=start]:flex-grow data-[justify=start]:basis-0 data-[justify=center]:justify-center data-[justify=end]:justify-end data-[justify=end]:flex-grow data-[justify=end]:basis-0 hidden gap-[20px] sm:flex md:gap-[30px] lg:gap-[40px] xl:gap-[50px]"
        data-justify="center"
      >
        <li
          class="text-medium whitespace-nowrap box-border list-none data-[active=true]:font-semibold"
        >
          <div
            class="flex basis-0 flex-row flex-grow flex-nowrap justify-start bg-transparent items-center no-underline text-medium whitespace-nowrap box-border"
          >
            <a
              href="/"
            >
              <p
                class="  no-underline text-ellipsis whitespace-nowrap overflow-hidden overflow-visible text-3xl font-extrabold italic leading-10 text-primary-100 lg:text-4xl"
              >
                FashionHub
              </p>
            </a>
          </div>
        </li>
        <li
          class="whitespace-nowrap box-border list-none data-[active=true]:font-semibold text-base text-primary-200"
        >
          <a
            href="/category"
          >
            Category
          </a>
        </li>
        <li
          class="whitespace-nowrap box-border list-none data-[active=true]:font-semibold text-base text-primary-200"
        >
          <a
            href="/brand"
          >
            Brand
          </a>
        </li>
        <li
          class="whitespace-nowrap box-border list-none data-[active=true]:font-semibold text-base text-primary-200"
        >
          <a
            href="/contact"
          >
            Contact
          </a>
        </li>
        <li
          class="whitespace-nowrap box-border list-none data-[active=true]:font-semibold text-base text-primary-200"
        >
          <a
            href="/frequently-asked-question"
          >
            FAQâ€™s
          </a>
        </li>
      </ul>
      <ul
        class="flex gap-4 h-full flex-row flex-nowrap items-center data-[justify=start]:justify-start data-[justify=start]:flex-grow data-[justify=start]:basis-0 data-[justify=center]:justify-center data-[justify=end]:justify-end data-[justify=end]:flex-grow data-[justify=end]:basis-0"
        data-justify="end"
      >
        <li
          class="text-medium whitespace-nowrap box-border list-none data-[active=true]:font-semibold"
        >
          <a
            href="/cart"
          >
            <button
              aria-label="Total 7"
              class="z-0 group inline-flex items-center justify-center box-border appearance-none select-none whitespace-nowrap subpixel-antialiased tap-highlight-transparent data-[pressed=true]:scale-[0.97] outline-none data-[focus-visible=true]:z-10 data-[focus-visible=true]:outline-2 data-[focus-visible=true]:outline-focus data-[focus-visible=true]:outline-offset-2 h-10 [&>svg]:max-w-[theme(spacing.8)] transition-transform-colors-opacity motion-reduce:transition-none data-[hover=true]:opacity-hover gap-2.5 bg-warning-300 font-medium text-sm text-warning-100 rounded-[100%] lg:min-w-[50px] lg:min-h-[50px] lg:p-[15px] md:max-h-[40px] md:max-w-[40px] md:p-[10px] max-w-[30px] max-h-[30px] p-[7px] min-w-[30px] relative overflow-visible"
              type="button"
            >
              <svg
                class="w-full h-full"
                fill="none"
                viewBox="0 0 21 21"
                xmlns="http://www.w3.org/2000/svg"
              >
                <path
                  d="M13.7812 9.1875V5.25C13.7812 4.37976 13.4355 3.54516 12.8202 2.92981C12.2048 2.31445 11.3702 1.96875 10.5 1.96875C9.62971 1.96875 8.79512 2.31445 8.17976 2.92981C7.56441 3.54516 7.21871 4.37976 7.21871 5.25V9.1875M17.1552 7.44362L18.2603 17.9436C18.3216 18.5255 17.8666 19.0312 17.2812 19.0312H3.71871C3.58064 19.0314 3.44408 19.0025 3.31791 18.9464C3.19174 18.8904 3.07877 18.8084 2.98635 18.7058C2.89393 18.6032 2.82412 18.4824 2.78145 18.3511C2.73879 18.2197 2.72422 18.0809 2.73871 17.9436L3.84471 7.44362C3.87022 7.20174 3.98438 6.97786 4.16518 6.81516C4.34597 6.65246 4.5806 6.56246 4.82383 6.5625H16.1761C16.6801 6.5625 17.1027 6.94312 17.1552 7.44362ZM7.54683 9.1875C7.54683 9.27452 7.51226 9.35798 7.45073 9.41952C7.38919 9.48106 7.30573 9.51562 7.21871 9.51562C7.13168 9.51562 7.04822 9.48106 6.98669 9.41952C6.92515 9.35798 6.89058 9.27452 6.89058 9.1875C6.89058 9.10048 6.92515 9.01702 6.98669 8.95548C7.04822 8.89394 7.13168 8.85938 7.21871 8.85938C7.30573 8.85938 7.38919 8.89394 7.45073 8.95548C7.51226 9.01702 7.54683 9.10048 7.54683 9.1875ZM14.1093 9.1875C14.1093 9.27452 14.0748 9.35798 14.0132 9.41952C13.9517 9.48106 13.8682 9.51562 13.7812 9.51562C13.6942 9.51562 13.6107 9.48106 13.5492 9.41952C13.4877 9.35798 13.4531 9.27452 13.4531 9.1875C13.4531 9.10048 13.4877 9.01702 13.5492 8.95548C13.6107 8.89394 13.6942 8.85938 13.7812 8.85938C13.8682 8.85938 13.9517 8.89394 14.0132 8.95548C14.0748 9.01702 14.1093 9.10048 14.1093 9.1875Z"
                  stroke="currentColor"
                  stroke-linecap="round"
                  stroke-linejoin="round"
                  stroke-width="1.5"
                />
              </svg>
              <span
                class="absolute right-[-5px] top-[-5px] z-40 h-4 w-4 rounded-full border border-background-100 bg-primary-100 text-center text-xs text-background-100 md:right-[-2px] md:top-[-2px] md:h-5 md:w-5 md:pt-0.5"
              >
                7
              </span>
            </button>
          </a>
        </li>
        <li
          class="text-medium whitespace-nowrap box-border list-none data-[active=true]:font-semibold"
        >
          <button
            aria-label="Button Icon"
            class="z-0 group relative inline-flex items-center justify-center box-border appearance-none select-none whitespace-nowrap subpixel-antialiased overflow-hidden tap-highlight-transparent data-[pressed=true]:scale-[0.97] outline-none data-[focus-visible=true]:z-10 data-[focus-visible=true]:outline-2 data-[focus-visible=true]:outline-focus data-[focus-visible=true]:outline-offset-2 h-10 text-small [&>svg]:max-w-[theme(spacing.8)] transition-transform-colors-opacity motion-reduce:transition-none data-[hover=true]:opacity-hover gap-2.5 font-semibold bg-background-300 rounded-[100%] lg:min-w-[50px] lg:min-h-[50px] lg:p-[15px] md:max-h-[40px] md:max-w-[40px] md:p-[10px] max-w-[30px] max-h-[30px] p-[7px] min-w-[30px] text-default"
            data-testid="btn-switch-theme"
            type="button"
          >
            <svg
              class="w-full h-full"
              fill="none"
              viewBox="0 0 16 16"
              xmlns="http://www.w3.org/2000/svg"
            >
              <path
                d="M8 2.5C8.13261 2.5 8.25979 2.44732 8.35355 2.35355C8.44732 2.25979 8.5 2.13261 8.5 2V1.5C8.5 1.36739 8.44732 1.24021 8.35355 1.14645C8.25979 1.05268 8.13261 1 8 1C7.86739 1 7.74021 1.05268 7.64645 1.14645C7.55268 1.24021 7.5 1.36739 7.5 1.5V2C7.5 2.13261 7.55268 2.25979 7.64645 2.35355C7.74021 2.44732 7.86739 2.5 8 2.5Z"
                fill="currentColor"
              />
              <path
                d="M8 13.5C7.86739 13.5 7.74021 13.5527 7.64645 13.6464C7.55268 13.7402 7.5 13.8674 7.5 14V14.5C7.5 14.6326 7.55268 14.7598 7.64645 14.8536C7.74021 14.9473 7.86739 15 8 15C8.13261 15 8.25979 14.9473 8.35355 14.8536C8.44732 14.7598 8.5 14.6326 8.5 14.5V14C8.5 13.8674 8.44732 13.7402 8.35355 13.6464C8.25979 13.5527 8.13261 13.5 8 13.5Z"
                fill="currentColor"
              />
              <path
                d="M14.5 7.5H14C13.8674 7.5 13.7402 7.55268 13.6464 7.64645C13.5527 7.74021 13.5 7.86739 13.5 8C13.5 8.13261 13.5527 8.25979 13.6464 8.35355C13.7402 8.44732 13.8674 8.5 14 8.5H14.5C14.6326 8.5 14.7598 8.44732 14.8536 8.35355C14.9473 8.25979 15 8.13261 15 8C15 7.86739 14.9473 7.74021 14.8536 7.64645C14.7598 7.55268 14.6326 7.5 14.5 7.5Z"
                fill="currentColor"
              />
              <path
                d="M2 7.5H1.5C1.36739 7.5 1.24021 7.55268 1.14645 7.64645C1.05268 7.74021 1 7.86739 1 8C1 8.13261 1.05268 8.25979 1.14645 8.35355C1.24021 8.44732 1.36739 8.5 1.5 8.5H2C2.13261 8.5 2.25979 8.44732 2.35355 8.35355C2.44732 8.25979 2.5 8.13261 2.5 8C2.5 7.86739 2.44732 7.74021 2.35355 7.64645C2.25979 7.55268 2.13261 7.5 2 7.5Z"
                fill="currentColor"
              />
              <path
                d="M12.2425 3.04999L11.889 3.40349C11.8413 3.44962 11.8032 3.50479 11.777 3.56579C11.7508 3.62679 11.737 3.6924 11.7364 3.75879C11.7358 3.82518 11.7485 3.89102 11.7736 3.95247C11.7988 4.01392 11.8359 4.06974 11.8828 4.11669C11.9298 4.16364 11.9856 4.20076 12.0471 4.2259C12.1085 4.25104 12.1743 4.2637 12.2407 4.26312C12.3071 4.26254 12.3727 4.24875 12.4337 4.22254C12.4947 4.19634 12.5499 4.15825 12.596 4.11049L12.95 3.75749C12.9965 3.71104 13.0333 3.65589 13.0585 3.59519C13.0836 3.53449 13.0966 3.46944 13.0966 3.40374C13.0966 3.33805 13.0836 3.27299 13.0585 3.2123C13.0333 3.1516 12.9965 3.09645 12.95 3.04999C12.9036 3.00354 12.8484 2.96669 12.7877 2.94155C12.727 2.91641 12.662 2.90347 12.5963 2.90347C12.5306 2.90347 12.4655 2.91641 12.4048 2.94155C12.3441 2.96669 12.289 3.00354 12.2425 3.04999Z"
                fill="currentColor"
              />
              <path
                d="M3.40397 11.889L3.04997 12.2425C3.00352 12.289 2.96667 12.3441 2.94152 12.4048C2.91638 12.4655 2.90344 12.5305 2.90344 12.5962C2.90344 12.6619 2.91638 12.727 2.94152 12.7877C2.96667 12.8484 3.00352 12.9035 3.04997 12.95C3.14379 13.0438 3.27104 13.0965 3.40372 13.0965C3.46942 13.0965 3.53447 13.0836 3.59517 13.0584C3.65587 13.0333 3.71102 12.9965 3.75747 12.95L4.11097 12.5965C4.15743 12.5501 4.19428 12.495 4.21944 12.4343C4.24459 12.3736 4.25755 12.3086 4.25757 12.2429C4.25759 12.1772 4.24468 12.1122 4.21957 12.0515C4.19446 11.9908 4.15764 11.9357 4.11122 11.8892C4.0648 11.8428 4.00968 11.8059 3.94901 11.7808C3.88835 11.7556 3.82332 11.7427 3.75765 11.7426C3.62501 11.7426 3.49779 11.7952 3.40397 11.889Z"
                fill="currentColor"
              />
              <path
                d="M12.596 11.889C12.5017 11.7979 12.3754 11.7475 12.2443 11.7487C12.1132 11.7498 11.9878 11.8024 11.8951 11.8951C11.8024 11.9878 11.7498 12.1132 11.7487 12.2443C11.7475 12.3754 11.7979 12.5017 11.889 12.596L12.2425 12.95C12.3363 13.0438 12.4636 13.0965 12.5963 13.0965C12.7289 13.0965 12.8562 13.0438 12.95 12.95C13.0438 12.8562 13.0965 12.7289 13.0965 12.5962C13.0965 12.4636 13.0438 12.3363 12.95 12.2425L12.596 11.889Z"
                fill="currentColor"
              />
              <path
                d="M3.40397 4.11099C3.49827 4.20207 3.62457 4.25247 3.75567 4.25133C3.88677 4.25019 4.01218 4.19761 4.10488 4.1049C4.19758 4.0122 4.25017 3.88679 4.25131 3.75569C4.25245 3.6246 4.20205 3.49829 4.11097 3.40399L3.75747 3.04999C3.66365 2.95617 3.5364 2.90347 3.40372 2.90347C3.27104 2.90347 3.14379 2.95617 3.04997 3.04999C2.95615 3.14381 2.90344 3.27106 2.90344 3.40374C2.90344 3.53643 2.95615 3.66367 3.04997 3.75749L3.40397 4.11099Z"
                fill="currentColor"
              />
              <path
                d="M12.35 8.74149C12.2855 8.67783 12.2049 8.63289 12.1168 8.61149C12.0287 8.59009 11.9365 8.59303 11.85 8.61999C11.5145 8.72362 11.1651 8.77555 10.814 8.77399C9.8625 8.77307 8.95024 8.39471 8.27738 7.72195C7.60453 7.04919 7.22605 6.13698 7.22499 5.18549C7.22376 4.83446 7.27603 4.48528 7.37999 4.14999C7.40713 4.06337 7.41018 3.97099 7.38881 3.88277C7.36743 3.79455 7.32245 3.71381 7.25867 3.64921C7.1949 3.58462 7.11474 3.5386 7.0268 3.5161C6.93886 3.4936 6.84645 3.49546 6.75949 3.52149C6.00048 3.75102 5.31391 4.17334 4.76676 4.74728C4.2196 5.32122 3.83054 6.02716 3.63752 6.79627C3.44449 7.56537 3.4541 8.37138 3.6654 9.13566C3.8767 9.89995 4.28248 10.5964 4.84316 11.1572C5.40384 11.7179 6.10028 12.1237 6.86455 12.3351C7.62882 12.5465 8.43482 12.5561 9.20394 12.3632C9.97306 12.1702 10.679 11.7812 11.253 11.2341C11.827 10.687 12.2494 10.0005 12.479 9.24149C12.505 9.1543 12.5068 9.06166 12.484 8.97355C12.4613 8.88544 12.415 8.80521 12.35 8.74149Z"
                fill="currentColor"
              />
            </svg>
          </button>
        </li>
        <li
          class="text-medium whitespace-nowrap box-border list-none data-[active=true]:font-semibold"
        >
          <div
            class="flex items-center gap-[14px] sm:flex hidden max-w-[190px] overflow-hidden"
          >
            <span
              class="flex relative justify-center items-center box-border overflow-hidden align-middle z-0 outline-none data-[focus-visible=true]:z-10 data-[focus-visible=true]:outline-2 data-[focus-visible=true]:outline-focus data-[focus-visible=true]:outline-offset-2 text-tiny text-default-foreground rounded-full h-[30px] w-[30px] bg-background-200 md:h-[40px] md:w-[40px] lg:h-[50px] lg:w-[50px]"
              tabindex="-1"
            >
              <span
                aria-label="avatar"
                class="absolute top-1/2 left-1/2 -translate-x-1/2 -translate-y-1/2 flex items-center justify-center text-inherit w-full h-full"
                role="img"
              >
                <svg
                  aria-hidden="true"
                  fill="none"
                  height="80%"
                  role="presentation"
                  viewBox="0 0 24 24"
                  width="80%"
                >
                  <path
                    d="M12 2C9.38 2 7.25 4.13 7.25 6.75C7.25 9.32 9.26 11.4 11.88 11.49C11.96 11.48 12.04 11.48 12.1 11.49C12.12 11.49 12.13 11.49 12.15 11.49C12.16 11.49 12.16 11.49 12.17 11.49C14.73 11.4 16.74 9.32 16.75 6.75C16.75 4.13 14.62 2 12 2Z"
                    fill="currentColor"
                  />
                  <path
                    d="M17.0809 14.1489C14.2909 12.2889 9.74094 12.2889 6.93094 14.1489C5.66094 14.9989 4.96094 16.1489 4.96094 17.3789C4.96094 18.6089 5.66094 19.7489 6.92094 20.5889C8.32094 21.5289 10.1609 21.9989 12.0009 21.9989C13.8409 21.9989 15.6809 21.5289 17.0809 20.5889C18.3409 19.7389 19.0409 18.5989 19.0409 17.3589C19.0309 16.1289 18.3409 14.9889 17.0809 14.1489Z"
                    fill="currentColor"
                  />
                </svg>
              </span>
            </span>
            <div
              class="flex hidden max-w-[126px] flex-col gap-[7px] overflow-hidden lg:flex"
            >
              <p
                class="text-foreground-300 font-normal  no-underline text-ellipsis whitespace-nowrap overflow-hidden text-xs"
              >
                Good Morning!
              </p>
              <p
                class="text-primary-200 dark:text-primary-300 font-semibold text-base no-underline text-ellipsis whitespace-nowrap overflow-hidden "
              >
                thanghq
              </p>
            </div>
          </div>
        </li>
      </ul>
    </header>
  </nav>
</div>
`;

exports[`Navbar component Should match snapshot with error user 1`] = `
<div>
  <nav
    class="flex z-40 w-full h-auto items-center justify-center data-[menu-open=true]:border-none sticky top-0 inset-x-0 border-b border-divider bg-background min-h-[65px] px-[10px] md:min-h-[80px] md:px-[20px] lg:min-h-[90px] lg:px-[40px] xl:px-[80px]"
    style="--navbar-height: 4rem;"
  >
    <header
      class="z-40 flex px-6 gap-4 w-full flex-row relative flex-nowrap items-center justify-between h-[var(--navbar-height)] max-w-[1024px]"
    >
      <ul
        class="flex gap-4 h-full flex-row flex-nowrap items-center data-[justify=start]:justify-start data-[justify=start]:flex-grow data-[justify=start]:basis-0 data-[justify=center]:justify-center data-[justify=end]:justify-end data-[justify=end]:flex-grow data-[justify=end]:basis-0 sm:hidden"
        data-justify="start"
      >
        <button
          aria-label="Open menu"
          aria-pressed="false"
          class="group flex items-center justify-center w-6 h-full rounded-small tap-highlight-transparent outline-none data-[focus-visible=true]:z-10 data-[focus-visible=true]:outline-2 data-[focus-visible=true]:outline-focus data-[focus-visible=true]:outline-offset-2"
          type="button"
        >
          <span
            class="sr-only"
          >
            open navigation menu
          </span>
          <span
            class="w-full h-full pointer-events-none flex flex-col items-center justify-center text-inherit group-data-[pressed=true]:opacity-70 transition-opacity before:content-[''] before:block before:h-px before:w-6 before:bg-current before:transition-transform before:duration-150 before:-translate-y-1 before:rotate-0 group-data-[open=true]:before:translate-y-px group-data-[open=true]:before:rotate-45 after:content-[''] after:block after:h-px after:w-6 after:bg-current after:transition-transform after:duration-150 after:translate-y-1 after:rotate-0 group-data-[open=true]:after:translate-y-0 group-data-[open=true]:after:-rotate-45"
          />
        </button>
      </ul>
      <ul
        class="flex gap-4 h-full flex-row flex-nowrap items-center data-[justify=start]:justify-start data-[justify=start]:flex-grow data-[justify=start]:basis-0 data-[justify=center]:justify-center data-[justify=end]:justify-end data-[justify=end]:flex-grow data-[justify=end]:basis-0 pr-3 sm:hidden"
        data-justify="center"
      >
        <div
          class="flex basis-0 flex-row flex-grow flex-nowrap justify-start bg-transparent items-center no-underline text-medium whitespace-nowrap box-border"
        >
          <a
            href="/"
          >
            <p
              class="  no-underline text-ellipsis whitespace-nowrap overflow-hidden overflow-visible text-2xl font-extrabold italic leading-10 text-primary-100"
            >
              FashionHub
            </p>
          </a>
        </div>
      </ul>
      <ul
        class="h-full flex-row flex-nowrap items-center data-[justify=start]:justify-start data-[justify=start]:flex-grow data-[justify=start]:basis-0 data-[justify=center]:justify-center data-[justify=end]:justify-end data-[justify=end]:flex-grow data-[justify=end]:basis-0 hidden gap-[20px] sm:flex md:gap-[30px] lg:gap-[40px] xl:gap-[50px]"
        data-justify="center"
      >
        <li
          class="text-medium whitespace-nowrap box-border list-none data-[active=true]:font-semibold"
        >
          <div
            class="flex basis-0 flex-row flex-grow flex-nowrap justify-start bg-transparent items-center no-underline text-medium whitespace-nowrap box-border"
          >
            <a
              href="/"
            >
              <p
                class="  no-underline text-ellipsis whitespace-nowrap overflow-hidden overflow-visible text-3xl font-extrabold italic leading-10 text-primary-100 lg:text-4xl"
              >
                FashionHub
              </p>
            </a>
          </div>
        </li>
        <li
          class="whitespace-nowrap box-border list-none data-[active=true]:font-semibold text-base text-primary-200"
        >
          <a
            href="/category"
          >
            Category
          </a>
        </li>
        <li
          class="whitespace-nowrap box-border list-none data-[active=true]:font-semibold text-base text-primary-200"
        >
          <a
            href="/brand"
          >
            Brand
          </a>
        </li>
        <li
          class="whitespace-nowrap box-border list-none data-[active=true]:font-semibold text-base text-primary-200"
        >
          <a
            href="/contact"
          >
            Contact
          </a>
        </li>
        <li
          class="whitespace-nowrap box-border list-none data-[active=true]:font-semibold text-base text-primary-200"
        >
          <a
            href="/frequently-asked-question"
          >
            FAQâ€™s
          </a>
        </li>
      </ul>
      <ul
        class="flex gap-4 h-full flex-row flex-nowrap items-center data-[justify=start]:justify-start data-[justify=start]:flex-grow data-[justify=start]:basis-0 data-[justify=center]:justify-center data-[justify=end]:justify-end data-[justify=end]:flex-grow data-[justify=end]:basis-0"
        data-justify="end"
      >
        <li
          class="text-medium whitespace-nowrap box-border list-none data-[active=true]:font-semibold"
        >
          <a
            href="/cart"
          >
            <button
              aria-label="Total 0"
              class="z-0 group inline-flex items-center justify-center box-border appearance-none select-none whitespace-nowrap subpixel-antialiased tap-highlight-transparent data-[pressed=true]:scale-[0.97] outline-none data-[focus-visible=true]:z-10 data-[focus-visible=true]:outline-2 data-[focus-visible=true]:outline-focus data-[focus-visible=true]:outline-offset-2 h-10 [&>svg]:max-w-[theme(spacing.8)] transition-transform-colors-opacity motion-reduce:transition-none data-[hover=true]:opacity-hover gap-2.5 bg-warning-300 font-medium text-sm text-warning-100 rounded-[100%] lg:min-w-[50px] lg:min-h-[50px] lg:p-[15px] md:max-h-[40px] md:max-w-[40px] md:p-[10px] max-w-[30px] max-h-[30px] p-[7px] min-w-[30px] relative overflow-visible"
              type="button"
            >
              <svg
                class="w-full h-full"
                fill="none"
                viewBox="0 0 21 21"
                xmlns="http://www.w3.org/2000/svg"
              >
                <path
                  d="M13.7812 9.1875V5.25C13.7812 4.37976 13.4355 3.54516 12.8202 2.92981C12.2048 2.31445 11.3702 1.96875 10.5 1.96875C9.62971 1.96875 8.79512 2.31445 8.17976 2.92981C7.56441 3.54516 7.21871 4.37976 7.21871 5.25V9.1875M17.1552 7.44362L18.2603 17.9436C18.3216 18.5255 17.8666 19.0312 17.2812 19.0312H3.71871C3.58064 19.0314 3.44408 19.0025 3.31791 18.9464C3.19174 18.8904 3.07877 18.8084 2.98635 18.7058C2.89393 18.6032 2.82412 18.4824 2.78145 18.3511C2.73879 18.2197 2.72422 18.0809 2.73871 17.9436L3.84471 7.44362C3.87022 7.20174 3.98438 6.97786 4.16518 6.81516C4.34597 6.65246 4.5806 6.56246 4.82383 6.5625H16.1761C16.6801 6.5625 17.1027 6.94312 17.1552 7.44362ZM7.54683 9.1875C7.54683 9.27452 7.51226 9.35798 7.45073 9.41952C7.38919 9.48106 7.30573 9.51562 7.21871 9.51562C7.13168 9.51562 7.04822 9.48106 6.98669 9.41952C6.92515 9.35798 6.89058 9.27452 6.89058 9.1875C6.89058 9.10048 6.92515 9.01702 6.98669 8.95548C7.04822 8.89394 7.13168 8.85938 7.21871 8.85938C7.30573 8.85938 7.38919 8.89394 7.45073 8.95548C7.51226 9.01702 7.54683 9.10048 7.54683 9.1875ZM14.1093 9.1875C14.1093 9.27452 14.0748 9.35798 14.0132 9.41952C13.9517 9.48106 13.8682 9.51562 13.7812 9.51562C13.6942 9.51562 13.6107 9.48106 13.5492 9.41952C13.4877 9.35798 13.4531 9.27452 13.4531 9.1875C13.4531 9.10048 13.4877 9.01702 13.5492 8.95548C13.6107 8.89394 13.6942 8.85938 13.7812 8.85938C13.8682 8.85938 13.9517 8.89394 14.0132 8.95548C14.0748 9.01702 14.1093 9.10048 14.1093 9.1875Z"
                  stroke="currentColor"
                  stroke-linecap="round"
                  stroke-linejoin="round"
                  stroke-width="1.5"
                />
              </svg>
              <span
                class="absolute right-[-5px] top-[-5px] z-40 h-4 w-4 rounded-full border border-background-100 bg-primary-100 text-center text-xs text-background-100 md:right-[-2px] md:top-[-2px] md:h-5 md:w-5 md:pt-0.5"
              >
                0
              </span>
            </button>
          </a>
        </li>
        <li
          class="text-medium whitespace-nowrap box-border list-none data-[active=true]:font-semibold"
        >
          <button
            aria-label="Button Icon"
            class="z-0 group relative inline-flex items-center justify-center box-border appearance-none select-none whitespace-nowrap subpixel-antialiased overflow-hidden tap-highlight-transparent data-[pressed=true]:scale-[0.97] outline-none data-[focus-visible=true]:z-10 data-[focus-visible=true]:outline-2 data-[focus-visible=true]:outline-focus data-[focus-visible=true]:outline-offset-2 h-10 text-small [&>svg]:max-w-[theme(spacing.8)] transition-transform-colors-opacity motion-reduce:transition-none data-[hover=true]:opacity-hover gap-2.5 font-semibold bg-background-300 rounded-[100%] lg:min-w-[50px] lg:min-h-[50px] lg:p-[15px] md:max-h-[40px] md:max-w-[40px] md:p-[10px] max-w-[30px] max-h-[30px] p-[7px] min-w-[30px] text-default"
            data-testid="btn-switch-theme"
            type="button"
          >
            <svg
              class="w-full h-full"
              fill="none"
              viewBox="0 0 16 16"
              xmlns="http://www.w3.org/2000/svg"
            >
              <path
                d="M8 2.5C8.13261 2.5 8.25979 2.44732 8.35355 2.35355C8.44732 2.25979 8.5 2.13261 8.5 2V1.5C8.5 1.36739 8.44732 1.24021 8.35355 1.14645C8.25979 1.05268 8.13261 1 8 1C7.86739 1 7.74021 1.05268 7.64645 1.14645C7.55268 1.24021 7.5 1.36739 7.5 1.5V2C7.5 2.13261 7.55268 2.25979 7.64645 2.35355C7.74021 2.44732 7.86739 2.5 8 2.5Z"
                fill="currentColor"
              />
              <path
                d="M8 13.5C7.86739 13.5 7.74021 13.5527 7.64645 13.6464C7.55268 13.7402 7.5 13.8674 7.5 14V14.5C7.5 14.6326 7.55268 14.7598 7.64645 14.8536C7.74021 14.9473 7.86739 15 8 15C8.13261 15 8.25979 14.9473 8.35355 14.8536C8.44732 14.7598 8.5 14.6326 8.5 14.5V14C8.5 13.8674 8.44732 13.7402 8.35355 13.6464C8.25979 13.5527 8.13261 13.5 8 13.5Z"
                fill="currentColor"
              />
              <path
                d="M14.5 7.5H14C13.8674 7.5 13.7402 7.55268 13.6464 7.64645C13.5527 7.74021 13.5 7.86739 13.5 8C13.5 8.13261 13.5527 8.25979 13.6464 8.35355C13.7402 8.44732 13.8674 8.5 14 8.5H14.5C14.6326 8.5 14.7598 8.44732 14.8536 8.35355C14.9473 8.25979 15 8.13261 15 8C15 7.86739 14.9473 7.74021 14.8536 7.64645C14.7598 7.55268 14.6326 7.5 14.5 7.5Z"
                fill="currentColor"
              />
              <path
                d="M2 7.5H1.5C1.36739 7.5 1.24021 7.55268 1.14645 7.64645C1.05268 7.74021 1 7.86739 1 8C1 8.13261 1.05268 8.25979 1.14645 8.35355C1.24021 8.44732 1.36739 8.5 1.5 8.5H2C2.13261 8.5 2.25979 8.44732 2.35355 8.35355C2.44732 8.25979 2.5 8.13261 2.5 8C2.5 7.86739 2.44732 7.74021 2.35355 7.64645C2.25979 7.55268 2.13261 7.5 2 7.5Z"
                fill="currentColor"
              />
              <path
                d="M12.2425 3.04999L11.889 3.40349C11.8413 3.44962 11.8032 3.50479 11.777 3.56579C11.7508 3.62679 11.737 3.6924 11.7364 3.75879C11.7358 3.82518 11.7485 3.89102 11.7736 3.95247C11.7988 4.01392 11.8359 4.06974 11.8828 4.11669C11.9298 4.16364 11.9856 4.20076 12.0471 4.2259C12.1085 4.25104 12.1743 4.2637 12.2407 4.26312C12.3071 4.26254 12.3727 4.24875 12.4337 4.22254C12.4947 4.19634 12.5499 4.15825 12.596 4.11049L12.95 3.75749C12.9965 3.71104 13.0333 3.65589 13.0585 3.59519C13.0836 3.53449 13.0966 3.46944 13.0966 3.40374C13.0966 3.33805 13.0836 3.27299 13.0585 3.2123C13.0333 3.1516 12.9965 3.09645 12.95 3.04999C12.9036 3.00354 12.8484 2.96669 12.7877 2.94155C12.727 2.91641 12.662 2.90347 12.5963 2.90347C12.5306 2.90347 12.4655 2.91641 12.4048 2.94155C12.3441 2.96669 12.289 3.00354 12.2425 3.04999Z"
                fill="currentColor"
              />
              <path
                d="M3.40397 11.889L3.04997 12.2425C3.00352 12.289 2.96667 12.3441 2.94152 12.4048C2.91638 12.4655 2.90344 12.5305 2.90344 12.5962C2.90344 12.6619 2.91638 12.727 2.94152 12.7877C2.96667 12.8484 3.00352 12.9035 3.04997 12.95C3.14379 13.0438 3.27104 13.0965 3.40372 13.0965C3.46942 13.0965 3.53447 13.0836 3.59517 13.0584C3.65587 13.0333 3.71102 12.9965 3.75747 12.95L4.11097 12.5965C4.15743 12.5501 4.19428 12.495 4.21944 12.4343C4.24459 12.3736 4.25755 12.3086 4.25757 12.2429C4.25759 12.1772 4.24468 12.1122 4.21957 12.0515C4.19446 11.9908 4.15764 11.9357 4.11122 11.8892C4.0648 11.8428 4.00968 11.8059 3.94901 11.7808C3.88835 11.7556 3.82332 11.7427 3.75765 11.7426C3.62501 11.7426 3.49779 11.7952 3.40397 11.889Z"
                fill="currentColor"
              />
              <path
                d="M12.596 11.889C12.5017 11.7979 12.3754 11.7475 12.2443 11.7487C12.1132 11.7498 11.9878 11.8024 11.8951 11.8951C11.8024 11.9878 11.7498 12.1132 11.7487 12.2443C11.7475 12.3754 11.7979 12.5017 11.889 12.596L12.2425 12.95C12.3363 13.0438 12.4636 13.0965 12.5963 13.0965C12.7289 13.0965 12.8562 13.0438 12.95 12.95C13.0438 12.8562 13.0965 12.7289 13.0965 12.5962C13.0965 12.4636 13.0438 12.3363 12.95 12.2425L12.596 11.889Z"
                fill="currentColor"
              />
              <path
                d="M3.40397 4.11099C3.49827 4.20207 3.62457 4.25247 3.75567 4.25133C3.88677 4.25019 4.01218 4.19761 4.10488 4.1049C4.19758 4.0122 4.25017 3.88679 4.25131 3.75569C4.25245 3.6246 4.20205 3.49829 4.11097 3.40399L3.75747 3.04999C3.66365 2.95617 3.5364 2.90347 3.40372 2.90347C3.27104 2.90347 3.14379 2.95617 3.04997 3.04999C2.95615 3.14381 2.90344 3.27106 2.90344 3.40374C2.90344 3.53643 2.95615 3.66367 3.04997 3.75749L3.40397 4.11099Z"
                fill="currentColor"
              />
              <path
                d="M12.35 8.74149C12.2855 8.67783 12.2049 8.63289 12.1168 8.61149C12.0287 8.59009 11.9365 8.59303 11.85 8.61999C11.5145 8.72362 11.1651 8.77555 10.814 8.77399C9.8625 8.77307 8.95024 8.39471 8.27738 7.72195C7.60453 7.04919 7.22605 6.13698 7.22499 5.18549C7.22376 4.83446 7.27603 4.48528 7.37999 4.14999C7.40713 4.06337 7.41018 3.97099 7.38881 3.88277C7.36743 3.79455 7.32245 3.71381 7.25867 3.64921C7.1949 3.58462 7.11474 3.5386 7.0268 3.5161C6.93886 3.4936 6.84645 3.49546 6.75949 3.52149C6.00048 3.75102 5.31391 4.17334 4.76676 4.74728C4.2196 5.32122 3.83054 6.02716 3.63752 6.79627C3.44449 7.56537 3.4541 8.37138 3.6654 9.13566C3.8767 9.89995 4.28248 10.5964 4.84316 11.1572C5.40384 11.7179 6.10028 12.1237 6.86455 12.3351C7.62882 12.5465 8.43482 12.5561 9.20394 12.3632C9.97306 12.1702 10.679 11.7812 11.253 11.2341C11.827 10.687 12.2494 10.0005 12.479 9.24149C12.505 9.1543 12.5068 9.06166 12.484 8.97355C12.4613 8.88544 12.415 8.80521 12.35 8.74149Z"
                fill="currentColor"
              />
            </svg>
          </button>
        </li>
        <li
          class="text-medium whitespace-nowrap box-border list-none data-[active=true]:font-semibold"
        >
          <div
            class="flex items-center gap-[14px] sm:flex hidden max-w-[190px] overflow-hidden"
          >
            <span
              class="flex relative justify-center items-center box-border overflow-hidden align-middle z-0 outline-none data-[focus-visible=true]:z-10 data-[focus-visible=true]:outline-2 data-[focus-visible=true]:outline-focus data-[focus-visible=true]:outline-offset-2 text-tiny text-default-foreground rounded-full h-[30px] w-[30px] bg-background-200 md:h-[40px] md:w-[40px] lg:h-[50px] lg:w-[50px]"
              tabindex="-1"
            >
              <span
                aria-label="avatar"
                class="absolute top-1/2 left-1/2 -translate-x-1/2 -translate-y-1/2 flex items-center justify-center text-inherit w-full h-full"
                role="img"
              >
                <svg
                  aria-hidden="true"
                  fill="none"
                  height="80%"
                  role="presentation"
                  viewBox="0 0 24 24"
                  width="80%"
                >
                  <path
                    d="M12 2C9.38 2 7.25 4.13 7.25 6.75C7.25 9.32 9.26 11.4 11.88 11.49C11.96 11.48 12.04 11.48 12.1 11.49C12.12 11.49 12.13 11.49 12.15 11.49C12.16 11.49 12.16 11.49 12.17 11.49C14.73 11.4 16.74 9.32 16.75 6.75C16.75 4.13 14.62 2 12 2Z"
                    fill="currentColor"
                  />
                  <path
                    d="M17.0809 14.1489C14.2909 12.2889 9.74094 12.2889 6.93094 14.1489C5.66094 14.9989 4.96094 16.1489 4.96094 17.3789C4.96094 18.6089 5.66094 19.7489 6.92094 20.5889C8.32094 21.5289 10.1609 21.9989 12.0009 21.9989C13.8409 21.9989 15.6809 21.5289 17.0809 20.5889C18.3409 19.7389 19.0409 18.5989 19.0409 17.3589C19.0309 16.1289 18.3409 14.9889 17.0809 14.1489Z"
                    fill="currentColor"
                  />
                </svg>
              </span>
            </span>
            <div
              class="flex hidden max-w-[126px] flex-col gap-[7px] overflow-hidden lg:flex"
            >
              <p
                class="text-foreground-300 font-normal  no-underline text-ellipsis whitespace-nowrap overflow-hidden text-xs"
              >
                Good Morning!
              </p>
              <p
                class="text-primary-200 dark:text-primary-300 font-semibold text-base no-underline text-ellipsis whitespace-nowrap overflow-hidden "
              />
            </div>
          </div>
        </li>
      </ul>
    </header>
  </nav>
</div>
`;
