// Jest Snapshot v1, https://goo.gl/fbAQLP

exports[`SelectMultiple Component renders with default props 1`] = `
<div>
  <div
    class="group flex flex-col w-full transition-background motion-reduce:transition-none !duration-150 group relative justify-end data-[has-label=true]:mt-[calc(theme(fontSize.small)_+_10px)] rounded-[28px] opacity-100 bg-background-400 text-primary-200 font-medium text-sm"
    data-filled="true"
    data-slot="base"
  >
    <div
      aria-hidden="true"
      data-a11y-ignore="aria-hidden-focus"
      data-testid="hidden-select-container"
      style="border: 0px; clip-path: inset(50%); height: 1px; margin: -1px; overflow: hidden; padding: 0px; position: absolute; width: 1px; white-space: nowrap;"
    >
      <input
        style="font-size: 16px;"
        tabindex="-1"
        type="text"
        value=""
      />
      <label>
        <select
          multiple=""
          size="4"
          tabindex="-1"
          title=""
        >
          <option />
          <option
            value="-- Select ---0"
          >
            Kid
          </option>
          <option
            value="-- Select ---1"
          >
            Man
          </option>
          <option
            value="-- Select ---2"
          >
            Woman
          </option>
          <option
            value="-- Select ---3"
          >
            Sport
          </option>
        </select>
      </label>
    </div>
    <div
      class="w-full flex flex-col"
      data-slot="mainWrapper"
    >
      <button
        aria-expanded="false"
        aria-haspopup="listbox"
        aria-label="-- Select --"
        aria-labelledby="react-aria-:r7: react-aria-:r2:"
        class="relative gap-3 w-full inline-flex flex-row items-center shadow-sm tap-highlight-transparent bg-default-100 data-[hover=true]:bg-default-200 group-data-[focus=true]:bg-default-100 outline-none data-[focus-visible=true]:z-10 data-[focus-visible=true]:outline-2 data-[focus-visible=true]:outline-focus data-[focus-visible=true]:outline-offset-2 min-h-9 h-9 px-3.5 rounded-[28px]"
        data-slot="trigger"
        data-testid="-- Select --"
        id="react-aria-:r2:"
        type="button"
      >
        <div
          class="inline-flex h-full w-[calc(100%_-_theme(spacing.6))] min-h-4 items-center gap-1.5 box-border"
          data-slot="innerWrapper"
        >
          <span
            class="w-full text-left rtl:text-right truncate group-data-[has-value=true]:text-default-foreground text-primary-200 font-medium text-sm"
            data-slot="value"
            id="react-aria-:r7:"
          >
            -- Select --
          </span>
        </div>
        <svg
          aria-hidden="true"
          class="absolute right-3 rtl:left-3 rtl:right-[unset] w-4 h-4 transition-transform duration-150 ease motion-reduce:transition-none data-[open=true]:rotate-180"
          data-slot="selectorIcon"
          fill="none"
          focusable="false"
          height="1em"
          role="presentation"
          stroke="currentColor"
          stroke-linecap="round"
          stroke-linejoin="round"
          stroke-width="1.5"
          viewBox="0 0 24 24"
          width="1em"
        >
          <path
            d="m6 9 6 6 6-6"
          />
        </svg>
      </button>
    </div>
  </div>
</div>
`;
