// Jest Snapshot v1, https://goo.gl/fbAQLP

exports[`OrderSummary should match snapshot 1`] = `
<div>
  <div
    class="flex max-w-[305px] flex-col gap-4 bg-background-100"
  >
    <div
      class="w-full rounded-medium border-large border-background-300 bg-background-100"
    >
      <p
        class="text-primary-200 dark:text-primary-300 font-semibold text-lg no-underline text-ellipsis whitespace-nowrap overflow-hidden p-4 text-center"
      >
        Order Summary
      </p>
      <div
        class="relative flex justify-between p-4 before:content-[''] before:absolute before:w-full before:border-t-small before:border-background-300 before:top-[0px] before:left-[0px]"
      >
        <p
          class="text-primary-300 font-semibold text-base no-underline text-ellipsis whitespace-nowrap overflow-hidden max-w-[100px]"
        >
          Sub Total
        </p>
        <p
          class="text-primary-300 font-semibold text-base no-underline text-ellipsis whitespace-nowrap overflow-hidden max-w-[100px]"
        >
          $396.00
        </p>
      </div>
      <div
        class="relative flex justify-between p-4 before:content-[''] before:absolute before:w-full before:border-t-small before:border-background-300 before:top-[0px] before:left-[0px]"
      >
        <p
          class="text-primary-300 font-semibold text-base no-underline text-ellipsis whitespace-nowrap overflow-hidden max-w-[100px]"
        >
          Items Total
        </p>
        <p
          class="text-primary-300 font-semibold text-base no-underline text-ellipsis whitespace-nowrap overflow-hidden max-w-[100px]"
        >
          3
        </p>
      </div>
    </div>
    <div
      class="group flex flex-col data-[hidden=true]:hidden w-full p-4 bg-background-100 border-large border-background-300 rounded-medium"
      data-has-elements="true"
      data-has-label="true"
      data-has-value="true"
      data-slot="base"
    >
      <label
        class="z-10 pointer-events-none origin-top-left rtl:origin-top-right subpixel-antialiased block relative will-change-auto !duration-200 !ease-out motion-reduce:transition-none transition-[transform,color,left,opacity] group-data-[filled-within=true]:pointer-events-auto pb-1.5 pe-2 max-w-full text-ellipsis overflow-hidden text-primary-300 text-base font-semibold group-data-[filled-within=true]:text-primary-300"
        data-slot="label"
        for="react-aria-:r0:"
        id="react-aria-:r1:"
      >
        Add a gift message to your order
      </label>
      <div
        class="relative w-full inline-flex tap-highlight-transparent flex-row items-center shadow-sm px-3 gap-3 bg-default-100 data-[hover=true]:bg-default-200 group-data-[focus=true]:bg-default-100 h-10 !h-auto transition-background motion-reduce:transition-none !duration-150 outline-none group-data-[focus-visible=true]:z-10 group-data-[focus-visible=true]:ring-2 group-data-[focus-visible=true]:ring-focus group-data-[focus-visible=true]:ring-offset-2 group-data-[focus-visible=true]:ring-offset-background py-2 border-medium border-background-300 rounded-none mt-1 min-h-[100px]"
        data-has-multiple-rows="true"
        data-slot="input-wrapper"
        style="cursor: text;"
      >
        <div
          class="inline-flex w-full h-full box-border items-start group-data-[has-label=true]:items-start"
          data-slot="inner-wrapper"
        >
          <textarea
            aria-label="Add a gift message to your order"
            aria-labelledby="react-aria-:r0: react-aria-:r1:"
            class="w-full bg-transparent !outline-none placeholder:text-foreground-500 focus-visible:outline-none data-[has-start-content=true]:ps-1.5 data-[has-end-content=true]:pe-1.5 file:cursor-pointer file:bg-transparent file:border-0 autofill:bg-transparent bg-clip-text resize-none data-[hide-scroll=true]:scrollbar-hide group-data-[has-value=true]:text-default-foreground transition-height !duration-100 motion-reduce:transition-none text-primary-300 text-sm font-medium"
            data-hide-scroll="true"
            data-slot="input"
            id="react-aria-:r0:"
          />
        </div>
      </div>
    </div>
    <p
      class="text-foreground-300 font-normal text-sm no-underline text-ellipsis whitespace-nowrap overflow-hidden text-secondary-500"
    >
      Shipping & taxes calculated at checkout
    </p>
    <button
      aria-label="Go To Checkout"
      class="z-0 group relative inline-flex items-center justify-center box-border appearance-none select-none whitespace-nowrap subpixel-antialiased overflow-hidden tap-highlight-transparent data-[pressed=true]:scale-[0.97] outline-none data-[focus-visible=true]:z-10 data-[focus-visible=true]:outline-2 data-[focus-visible=true]:outline-focus data-[focus-visible=true]:outline-offset-2 px-4 [&>svg]:max-w-[theme(spacing.8)] transition-transform-colors-opacity motion-reduce:transition-none data-[hover=true]:opacity-hover gap-2.5 font-semibold bg-primary-300 text-background-100 py-5 xl:min-w-[310px] lg:min-w-[260px] sm:min-w-[310px] min-w-[160px] text-base rounded-[30px] h-[50px]"
      type="button"
    >
      Go To Checkout
    </button>
  </div>
</div>
`;
